errors message
